../Core/Src/mt6835.c:8:5:MT6835_Init	24	static
../Core/Src/mt6835.c:38:6:MT6835_TransmitReceive	32	static
../Core/Src/mt6835.c:58:5:MT6835_ReadRegister	32	static
../Core/Src/mt6835.c:81:5:MT6835_WriteRegister	32	static
../Core/Src/mt6835.c:101:9:MT6835_CheckStatus	32	static
../Core/Src/mt6835.c:112:5:MT6835_ProgramEEPROM	32	static
../Core/Src/mt6835.c:129:5:MT6835_SetZeroTemporary	32	static
../Core/Src/mt6835.c:148:5:MT6835_SetZero	40	static
../Core/Src/mt6835.c:165:10:MT6835_ReadRawAngle	40	static
../Core/Src/mt6835.c:181:7:MT6835_ReadAngle	8	static
../Core/Src/mt6835.c:192:7:MT6835_ReadAngleDegrees	8	static
../Core/Src/mt6835.c:202:7:MT6835_CalculateRotationSpeed	32	static,ignoring_inline_asm
../Core/Src/mt6835.c:258:7:MovingAverage_FilterSpeed	24	static
../Core/Src/mt6835.c:285:7:MT6835_CalculateRotationSpeedRPM	8	static
../Core/Src/mt6835.c:299:5:MT6835_SetAutoCalFreq	40	static
../Core/Src/mt6835.c:325:5:MT6835_AutoCalibration	64	static
