../Core/Src/main.c:90:5:main	96	static
../Core/Src/main.c:249:6:SystemClock_Config	72	static
../Core/Src/main.c:289:13:MX_SPI1_Init	8	static
../Core/Src/main.c:327:13:MX_TIM1_Init	80	static
../Core/Src/main.c:400:13:MX_TIM2_Init	32	static
../Core/Src/main.c:445:13:MX_TIM3_Init	32	static
../Core/Src/main.c:490:13:MX_USART2_UART_Init	8	static
../Core/Src/main.c:523:13:MX_GPIO_Init	40	static
../Core/Src/main.c:577:5:__io_putchar	16	static
../Core/Src/main.c:583:6:HAL_TIM_PeriodElapsedCallback	16	static
../Core/Src/main.c:596:6:HAL_GPIO_EXTI_Callback	16	static
../Core/Src/main.c:609:5:MT6835_Initialize	16	static
../Core/Src/main.c:632:7:Get_TIM3_Interrupt_Period	32	static
../Core/Src/main.c:649:6:Error_Handler	4	static,ignoring_inline_asm
